{"HostConfigHash":"5da68b8","CardHash":"9956aae","Error":null}