{"HostConfigHash":"5da68b8","CardHash":"6ee6558","Error":null}