{"HostConfigHash":"5da68b8","CardHash":"5805912","Error":null}