{"HostConfigHash":"5da68b8","CardHash":"647a209","Error":null}