{"HostConfigHash":"5da68b8","CardHash":"08cf331","Error":null}