{"HostConfigHash":"5da68b8","CardHash":"3510bb1","Error":null}