{"HostConfigHash":"5da68b8","CardHash":"38eb7aa","Error":"Parsing card failed"}