{"HostConfigHash":"9f2d152","CardHash":"ad6bd2b","Error":null}