{"HostConfigHash":"9f2d152","CardHash":"602333b","Error":null}