{"HostConfigHash":"9f2d152","CardHash":"a3a3dda","Error":null}