{"HostConfigHash":"9f2d152","CardHash":"c5fe14d","Error":null}