{"HostConfigHash":"9f2d152","CardHash":"bf3f699","Error":null}