{"HostConfigHash":"9f2d152","CardHash":"a2461b0","Error":null}