{"HostConfigHash":"9f2d152","CardHash":"0fcc9cb","Error":null}