{"HostConfigHash":"9f2d152","CardHash":"fea3e25","Error":null}