{"HostConfigHash":"9f2d152","CardHash":"94d2bc1","Error":null}