{"HostConfigHash":"9f2d152","CardHash":"9a1a538","Error":null}