{"HostConfigHash":"9f2d152","CardHash":"7103502","Error":null}