{"HostConfigHash":"9f2d152","CardHash":"e177d51","Error":null}