{"HostConfigHash":"9f2d152","CardHash":"727ee34","Error":null}