{"HostConfigHash":"6e7bf22","CardHash":"8ee1ce1","Error":null}