{"HostConfigHash":"9aebe2c","CardHash":"08cf331","Error":null}