{"HostConfigHash":"6e7bf22","CardHash":"94d2bc1","Error":null}