{"HostConfigHash":"9aebe2c","CardHash":"05307db","Error":null}