{"HostConfigHash":"6e7bf22","CardHash":"f554355","Error":null}