{"HostConfigHash":"9aebe2c","CardHash":"a942a42","Error":null}