{"HostConfigHash":"6e7bf22","CardHash":"988d4ba","Error":null}