{"HostConfigHash":"6e7bf22","CardHash":"e27ee59","Error":null}