{"HostConfigHash":"9aebe2c","CardHash":"804de83","Error":null}