{"HostConfigHash":"6e7bf22","CardHash":"dbaa7f7","Error":null}