{"HostConfigHash":"9aebe2c","CardHash":"eb95594","Error":null}