{"HostConfigHash":"6e7bf22","CardHash":"23b3178","Error":null}