{"HostConfigHash":"9aebe2c","CardHash":"869d87c","Error":null}