{"HostConfigHash":"f813d32","CardHash":"05307db","Error":null}