{"HostConfigHash":"f813d32","CardHash":"6f844da","Error":null}