{"HostConfigHash":"f813d32","CardHash":"6ee6558","Error":null}