{"HostConfigHash":"f813d32","CardHash":"348966c","Error":null}