{"HostConfigHash":"1bb97f8","CardHash":"264cb6b","Error":null}