{"HostConfigHash":"68476db","CardHash":"7103502","Error":null}