{"HostConfigHash":"1bb97f8","CardHash":"9a1a538","Error":null}