{"HostConfigHash":"1bb97f8","CardHash":"869d87c","Error":null}