{"HostConfigHash":"1bb97f8","CardHash":"258c6e2","Error":null}