{"HostConfigHash":"1bb97f8","CardHash":"3d8c762","Error":null}