{"HostConfigHash":"68476db","CardHash":"d4dc123","Error":null}