{"HostConfigHash":"68476db","CardHash":"6ac5b76","Error":null}