{"HostConfigHash":"68476db","CardHash":"c99c396","Error":null}