{"HostConfigHash":"68476db","CardHash":"1f01367","Error":null}