{"HostConfigHash":"68476db","CardHash":"0bd4870","Error":null}