{"HostConfigHash":"68476db","CardHash":"d2950e0","Error":null}