{"HostConfigHash":"68476db","CardHash":"d7c5869","Error":null}